[whatcdinfo.000webhostapp.com/index.html]
[backblue.gif]
[fade.gif]
[index.html]
[whatcdinfo.000webhostapp.com/Wiki_files/global.css]
[whatcdinfo.000webhostapp.com/Wiki_files/style_002.css]
[whatcdinfo.000webhostapp.com/Wiki_files/style.css]
[whatcdinfo.000webhostapp.com/Wiki_files/script_start.js]
[whatcdinfo.000webhostapp.com/Wiki_files/ajax.js]
[whatcdinfo.000webhostapp.com/Wiki_files/global.js]
[whatcdinfo.000webhostapp.com/Wiki_files/autocomplete.js]
[whatcdinfo.000webhostapp.com/Wiki_files/wiki.js]
[whatcdinfo.000webhostapp.com/Wiki_files/bbcode.js]
[whatcdinfo.000webhostapp.com/Wiki_files/jquery_002.js]
[whatcdinfo.000webhostapp.com/Wiki_files/jquery.js]
[whatcdinfo.000webhostapp.com/Wiki_files/tooltipster_settings.js]
[whatcdinfo.000webhostapp.com/Wiki_files/tooltipster.js]
[whatcdinfo.000webhostapp.com/index-2.html]
[whatcdinfo.000webhostapp.com/EACSetup.html]
[whatcdinfo.000webhostapp.com/EACRip.html]
[whatcdinfo.000webhostapp.com/CD-R_Rips.png]
[whatcdinfo.000webhostapp.com/XLD.html]
[whatcdinfo.000webhostapp.com/SACDRip.html]
[whatcdinfo.000webhostapp.com/index.html]
[whatcdinfo.000webhostapp.com/logcheckinfo.html]
[whatcdinfo.000webhostapp.com/rippy/rippy_top.gif]
[whatcdinfo.000webhostapp.com/rules.html]
[whatcdinfo.000webhostapp.com/rippy/rippy_middle.gif]
[whatcdinfo.000webhostapp.com/rippy/rippy_bottom.gif]
[whatcdinfo.000webhostapp.com/common/table-order.png]
[whatcdinfo.000webhostapp.com/Wiki_files/global.css]
[whatcdinfo.000webhostapp.com/Wiki_files/style_002.css]
[whatcdinfo.000webhostapp.com/Wiki_files/Akzidenz.otf]
[whatcdinfo.000webhostapp.com/Wiki_files/Officina.otf]
[whatcdinfo.000webhostapp.com/Wiki_files/CorpidOffice.ttf]
[whatcdinfo.000webhostapp.com/Wiki_files/Avant.otf]
[whatcdinfo.000webhostapp.com/Wiki_files/wood.jpg]
[whatcdinfo.000webhostapp.com/Wiki_files/bg_footer.png]
[whatcdinfo.000webhostapp.com/Wiki_files/gazelle.22.delayed]
[whatcdinfo.000webhostapp.com/Wiki_files/woodlogo.png]
[whatcdinfo.000webhostapp.com/Wiki_files/content_light.png]
[whatcdinfo.000webhostapp.com/Wiki_files/go_last_read.png]
[whatcdinfo.000webhostapp.com/Wiki_files/table_header_dark.png]
[whatcdinfo.000webhostapp.com/Wiki_files/show.png]
[whatcdinfo.000webhostapp.com/Wiki_files/hide.png]
[whatcdinfo.000webhostapp.com/Wiki_files/locked_sticky_unread.png]
[whatcdinfo.000webhostapp.com/Wiki_files/locked_sticky_read.png]
[whatcdinfo.000webhostapp.com/Wiki_files/sticky_read.png]
[whatcdinfo.000webhostapp.com/Wiki_files/sticky_unread.png]
[whatcdinfo.000webhostapp.com/Wiki_files/locked_unread.png]
[whatcdinfo.000webhostapp.com/Wiki_files/locked_read.png]
[whatcdinfo.000webhostapp.com/Wiki_files/unread.png]
[whatcdinfo.000webhostapp.com/Wiki_files/read.png]
[whatcdinfo.000webhostapp.com/Wiki_files/poll_left.png]
[whatcdinfo.000webhostapp.com/Wiki_files/poll_middle.png]
[whatcdinfo.000webhostapp.com/Wiki_files/poll_right.png]
[whatcdinfo.000webhostapp.com/Wiki_files/alert-overlay.png]
[whatcdinfo.000webhostapp.com/Wiki_files/style.css]
[whatcdinfo.000webhostapp.com/index-2.html]
[whatcdinfo.000webhostapp.com/Uploading Rules _ What.CD_files/trumpchart.png]
[whatcdinfo.000webhostapp.com/rules.html]
[whatcdinfo.000webhostapp.com/EAC Setup Guide _ Brainwash The Masses_files/eac01.png]
[whatcdinfo.000webhostapp.com/EAC Setup Guide _ Brainwash The Masses_files/eac03.png]
[whatcdinfo.000webhostapp.com/EAC Setup Guide _ Brainwash The Masses_files/eac04.png]
[whatcdinfo.000webhostapp.com/EAC Setup Guide _ Brainwash The Masses_files/eac07.png]
[whatcdinfo.000webhostapp.com/EAC Setup Guide _ Brainwash The Masses_files/eac05.png]
[whatcdinfo.000webhostapp.com/EAC Setup Guide _ Brainwash The Masses_files/eac08.png]
[whatcdinfo.000webhostapp.com/EAC Setup Guide _ Brainwash The Masses_files/eac10.png]
[whatcdinfo.000webhostapp.com/EAC Setup Guide _ Brainwash The Masses_files/eac12.png]
[whatcdinfo.000webhostapp.com/EAC Setup Guide _ Brainwash The Masses_files/eac13.png]
[whatcdinfo.000webhostapp.com/EAC Setup Guide _ Brainwash The Masses_files/eac15.png]
[whatcdinfo.000webhostapp.com/EAC Setup Guide _ Brainwash The Masses_files/eac17.png]
[whatcdinfo.000webhostapp.com/EACSetup.html]
[whatcdinfo.000webhostapp.com/EAC - Ripping with Exact Audio Copy [FROM baconBits] _ Brainwash The Masses_files/yyBqv.png]
[whatcdinfo.000webhostapp.com/EACRip.html]
[whatcdinfo.000webhostapp.com/XLD - X Lossless Decoder_ How to Create Flawless CD Rips on Mac OS X _ What.CD_files/d6WbyA1.png]
[whatcdinfo.000webhostapp.com/XLD - X Lossless Decoder_ How to Create Flawless CD Rips on Mac OS X _ What.CD_files/4RTUCyk.png]
[whatcdinfo.000webhostapp.com/XLD - X Lossless Decoder_ How to Create Flawless CD Rips on Mac OS X _ What.CD_files/uhRwp0z.png]
[whatcdinfo.000webhostapp.com/XLD - X Lossless Decoder_ How to Create Flawless CD Rips on Mac OS X _ What.CD_files/o3gwZzl.png]
[whatcdinfo.000webhostapp.com/XLD - X Lossless Decoder_ How to Create Flawless CD Rips on Mac OS X _ What.CD_files/VKOMxWk.png]
[whatcdinfo.000webhostapp.com/XLD - X Lossless Decoder_ How to Create Flawless CD Rips on Mac OS X _ What.CD_files/nDLRdvH.png]
[whatcdinfo.000webhostapp.com/XLD - X Lossless Decoder_ How to Create Flawless CD Rips on Mac OS X _ What.CD_files/FJ7qGyi.png]
[whatcdinfo.000webhostapp.com/XLD - X Lossless Decoder_ How to Create Flawless CD Rips on Mac OS X _ What.CD_files/9R10P7F.png]
[whatcdinfo.000webhostapp.com/XLD - X Lossless Decoder_ How to Create Flawless CD Rips on Mac OS X _ What.CD_files/6dp4jhM.png]
[whatcdinfo.000webhostapp.com/XLD - X Lossless Decoder_ How to Create Flawless CD Rips on Mac OS X _ What.CD_files/grJHv74.png]
[whatcdinfo.000webhostapp.com/XLD - X Lossless Decoder_ How to Create Flawless CD Rips on Mac OS X _ What.CD_files/PPBA1jW.png]
[whatcdinfo.000webhostapp.com/XLD - X Lossless Decoder_ How to Create Flawless CD Rips on Mac OS X _ What.CD_files/zXSbAOg.png]
[whatcdinfo.000webhostapp.com/XLD - X Lossless Decoder_ How to Create Flawless CD Rips on Mac OS X _ What.CD_files/xsS2lrx.png]
[whatcdinfo.000webhostapp.com/XLD - X Lossless Decoder_ How to Create Flawless CD Rips on Mac OS X _ What.CD_files/DkHE9I7.png]
[whatcdinfo.000webhostapp.com/XLD - X Lossless Decoder_ How to Create Flawless CD Rips on Mac OS X _ What.CD_files/muhzABN.png]
[whatcdinfo.000webhostapp.com/XLD - X Lossless Decoder_ How to Create Flawless CD Rips on Mac OS X _ What.CD_files/eXgq1Im.png]
[whatcdinfo.000webhostapp.com/XLD.html]
[whatcdinfo.000webhostapp.com/SACD PS3 Ripping Guide _ What.CD_files/SACD01.jpg]
[whatcdinfo.000webhostapp.com/SACD PS3 Ripping Guide _ What.CD_files/SACD02.png]
[whatcdinfo.000webhostapp.com/SACD PS3 Ripping Guide _ What.CD_files/SACD03.png]
[whatcdinfo.000webhostapp.com/SACD PS3 Ripping Guide _ What.CD_files/SACD04.png]
[whatcdinfo.000webhostapp.com/SACD PS3 Ripping Guide _ What.CD_files/SACD06.png]
[whatcdinfo.000webhostapp.com/SACDRip.html]
[whatcdinfo.000webhostapp.com/Log checker - What is it, and how do I use it_ _ What.CD_files/hm7xM.png]
[whatcdinfo.000webhostapp.com/logcheckinfo.html]
[whatcdinfo.000webhostapp.com/rippy/rippy_top.html]
[whatcdinfo.000webhostapp.com/rippy/rippy_middle.html]
[whatcdinfo.000webhostapp.com/rippy/rippy_bottom.html]
[whatcdinfo.000webhostapp.com/common/table-order.html]
[whatcdinfo.000webhostapp.com/Wiki_files/Akzidenz.html]
[whatcdinfo.000webhostapp.com/Wiki_files/Officina.html]
[whatcdinfo.000webhostapp.com/Wiki_files/CorpidOffice.html]
[whatcdinfo.000webhostapp.com/Wiki_files/Avant.html]
[whatcdinfo.000webhostapp.com/Wiki_files/external.png]
[whatcdinfo.000webhostapp.com/Wiki_files/gazelle.html]
[whatcdinfo.000webhostapp.com/Wiki_files/go_last_read.html]
[whatcdinfo.000webhostapp.com/Wiki_files/show.html]
[whatcdinfo.000webhostapp.com/Wiki_files/hide.html]
[whatcdinfo.000webhostapp.com/Wiki_files/locked_sticky_unread.html]
[whatcdinfo.000webhostapp.com/Wiki_files/locked_sticky_read.html]
[whatcdinfo.000webhostapp.com/Wiki_files/sticky_read.html]
[whatcdinfo.000webhostapp.com/Wiki_files/sticky_unread.html]
[whatcdinfo.000webhostapp.com/Wiki_files/locked_unread.html]
[whatcdinfo.000webhostapp.com/Wiki_files/locked_read.html]
[whatcdinfo.000webhostapp.com/Wiki_files/unread.html]
[whatcdinfo.000webhostapp.com/Wiki_files/read.html]
[whatcdinfo.000webhostapp.com/Wiki_files/poll_left.html]
[whatcdinfo.000webhostapp.com/Wiki_files/poll_middle.html]
[whatcdinfo.000webhostapp.com/Wiki_files/poll_right.html]
[whatcdinfo.000webhostapp.com/Wiki_files/content.png]
[whatcdinfo.000webhostapp.com/EAC Setup Guide _ Brainwash The Masses_files/eac06.png]
[whatcdinfo.000webhostapp.com/EAC Setup Guide _ Brainwash The Masses_files/eac09.png]
[whatcdinfo.000webhostapp.com/EAC Setup Guide _ Brainwash The Masses_files/obrvpi.png]
[whatcdinfo.000webhostapp.com/EAC Setup Guide _ Brainwash The Masses_files/eac14.png]
[whatcdinfo.000webhostapp.com/EAC - Ripping with Exact Audio Copy [FROM baconBits] _ Brainwash The Masses_files/aniNG.png]
[whatcdinfo.000webhostapp.com/EAC - Ripping with Exact Audio Copy [FROM baconBits] _ Brainwash The Masses_files/Onfxp.png]
[whatcdinfo.000webhostapp.com/XLD - X Lossless Decoder_ How to Create Flawless CD Rips on Mac OS X _ What.CD_files/oPXROoa.png]
[wcdwikimirror.tk/apple-touch-icon.png]
[whatcdinfo.000webhostapp.com/Wiki_files/external.png]
[whatcdinfo.000webhostapp.com/SACD PS3 Ripping Guide _ What.CD_files/SACD07.png]
[whatcdinfo.000webhostapp.com/EAC Setup Guide _ Brainwash The Masses_files/eac11.png]
[whatcdinfo.000webhostapp.com/XLD - X Lossless Decoder_ How to Create Flawless CD Rips on Mac OS X _ What.CD_files/k3YJuM1.png]
[whatcdinfo.000webhostapp.com/EAC Setup Guide _ Brainwash The Masses_files/eac02.png]
[whatcdinfo.000webhostapp.com/EAC Setup Guide _ Brainwash The Masses_files/eac16.png]
[whatcdinfo.000webhostapp.com/SACD PS3 Ripping Guide _ What.CD_files/SACD05.png]
